// Jest Snapshot v1, https://goo.gl/fbAQLP

exports[`multiple_item_list.py 1`] = `
a=[1,2,3]~~~~~~~~~~~~~~~~~~~~~~~~~~~~~~~~~~~~~~~~~~~~~~~~~~~~~~~~~~~~~~~~~~~~~~~~~~~~~~~~
a = [1, 2, 3]
`;

exports[`multiple_item_list_new_line.py 1`] = `
a=["aaaaaaaaaaaaaaaaaaaaaaaaaaaaaaaaaaaaaaaa", "bbbbbbbbbbbbbbbbbbbbbbbb", "ccccccccccccccccccccccccccc"]~~~~~~~~~~~~~~~~~~~~~~~~~~~~~~~~~~~~~~~~~~~~~~~~~~~~~~~~~~~~~~~~~~~~~~~~~~~~~~~~
a = [
    'aaaaaaaaaaaaaaaaaaaaaaaaaaaaaaaaaaaaaaaa',
    'bbbbbbbbbbbbbbbbbbbbbbbb',
    'ccccccccccccccccccccccccccc',
]
`;

exports[`one_item_list.py 1`] = `
a=[1]~~~~~~~~~~~~~~~~~~~~~~~~~~~~~~~~~~~~~~~~~~~~~~~~~~~~~~~~~~~~~~~~~~~~~~~~~~~~~~~~
a = [1]
`;
